[    0.000000] Initializing cgroup subsys cpuset
[    0.000000] Initializing cgroup subsys cpu
[    0.000000] Initializing cgroup subsys cpuacct
[    0.000000] Linux version 4.4.0-177-generic (buildd@lgw01-amd64-035) (gcc version 5.4.0 20160609 (Ubuntu 5.4.0-6ubuntu1~16.04.12) ) #207-Ubuntu SMP Mon Mar 16 01:16:10 UTC 2020 (Ubuntu 4.4.0-177.207-generic 4.4.214)
[    0.000000] Command line: BOOT_IMAGE=/boot/vmlinuz-4.4.0-177-generic root=LABEL=cloudimg-rootfs ro console=tty1 console=ttyS0
[    0.000000] KERNEL supported cpus:
[    0.000000]   Intel GenuineIntel
[    0.000000]   AMD AuthenticAMD
[    0.000000]   Centaur CentaurHauls
[    0.000000] x86/fpu: xstate_offset[2]:  576, xstate_sizes[2]:  256
[    0.000000] x86/fpu: Supporting XSAVE feature 0x01: 'x87 floating point registers'
[    0.000000] x86/fpu: Supporting XSAVE feature 0x02: 'SSE registers'
[    0.000000] x86/fpu: Supporting XSAVE feature 0x04: 'AVX registers'
[    0.000000] x86/fpu: Enabled xstate features 0x7, context size is 832 bytes, using 'standard' format.
[    0.000000] e820: BIOS-provided physical RAM map:
[    0.000000] BIOS-e820: [mem 0x0000000000000000-0x000000000009fbff] usable
[    0.000000] BIOS-e20: [mem 0x000000000009fc00-0x000000000009ffff] reserved
[    0.000000] BIOS-e820: [mem 0x00000000000f0000-0x00000000000fffff] reserved
[    0.000000] BIOS-e820: [mem 0x0000000000100000-0x000000003ffeffff] usable
[    0.000000] BIOS-e820: [mem 0x000000003fff0000-0x000000003fffffff] ACPI data
[    0.000000] BIOS-e820: [mem 0x00000000fec00000-0x00000000fec00fff] reserved
[    0.000000] BIOS-e820: [mem 0x00000000fee00000-0x00000000fee00fff] reserved
[    0.000000] BIOS-e820: [mem 0x00000000fffc0000-0x00000000ffffffff] reserved
[    0.000000] NX (Execute Disable) protection: active
[    0.000000] SMBIOS 2.5 present.
[    0.000000] Hypervisor detected: KVM
[    0.000000] e820: last_pfn = 0x3fff0 max_arch_pfn = 0x400000000
[    0.000000] MTRR: Disabled
[    0.000000] x86/PAT: MTRRs disabled, skipping PAT initialization too.
[    0.000000] CPU MTRRs all blank - virtualized system.
[    0.000000] x86/PAT: Configuration [0-7]: WB  WT  UC- UC  WB  WT  UC- UC  
[    0.000000] found SMP MP-table at [mem 0x0009fff0-0x0009ffff] mapped at [ffff88000009fff0]
[    0.000000] Scanning 1 areas for low memory corruption
[    0.000000] RAMDISK: [mem 0x362e2000-0x37168fff]
[    0.000000] ACPI: Early table checksum verification disabled
[    0.000000] ACPI: RSDP 0x00000000000E0000 000024 (v02 VBOX  )
[    0.000000] ACPI: XSDT 0x000000003FFF0030 00003C (v01 VBOX   VBOXXSDT 00000001 ASL  00000061)
[    0.000000] ACPI: FACP 0x000000003FFF00F0 0000F4 (v04 VBOX   VBOXFACP 00000001 ASL  00000061)
[    0.000000] ACPI: DSDT 0x000000003FFF0470 0021FF (v02 VBOX   VBOXBIOS 00000002 INTL 20180105)
[    0.000000] ACPI: FACS 0x000000003FFF0200 000040
[    0.000000] ACPI: FACS 0x000000003FFF0200 000040
[    0.000000] ACPI: APIC 0x000000003FFF0240 00005C (v02 VBOX   VBOXAPIC 00000001 ASL  00000061)
[    0.000000] ACPI: SSDT 0x000000003FFF02A0 0001CC (v01 VBOX   VBOXCPUT 00000002 INTL 20180105)
[    0.000000] No NUMA configuration found
[    0.000000] Faking a node at [mem 0x0000000000000000-0x000000003ffeffff]
[    0.000000] NODE_DATA(0) allocated [mem 0x3ffeb000-0x3ffeffff]
[    0.000000] kvm-clock: Using msrs 4b564d01 and 4b564d00
[    0.000000] kvm-clock: cpu 0, msr 0:3ffe3001, primary cpu clock
[    0.000000] kvm-clock: using sched offset of 3412803051 cycles
[    0.000000] clocksource: kvm-clock: mask: 0xffffffffffffffff max_cycles: 0x1cd42e4dffb, max_idle_ns: 881590591483 ns
[    0.000000] Zone ranges:
[    0.000000]   DMA      [mem 0x0000000000001000-0x0000000000ffffff]
[    0.000000]   DMA32    [mem 0x0000000001000000-0x000000003ffeffff]
[    0.000000]   Normal   empty
[    0.000000]   Device   empty
[    0.000000] Movable zone start for each node
[    0.000000] Early memory node ranges
[    0.000000]   node   0: [mem 0x0000000000001000-0x000000000009efff]
[    0.000000]   node   0: [mem 0x0000000000100000-0x000000003ffeffff]
[    0.000000] Initmem setup node 0 [mem 0x0000000000001000-0x000000003ffeffff]
[    0.000000] ACPI: PM-Timer IO Port: 0x4008
[    0.000000] IOAPIC[0]: apic_id 2, version 32, address 0xfec00000, GSI 0-23
[    0.000000] ACPI: INT_SRC_OVR (bus 0 bus_irq 0 global_irq 2 dfl dfl)
[    0.000000] ACPI: INT_SRC_OVR (bus 0 bus_irq 9 global_irq 9 low level)
[    0.000000] Usig ACPI (MADT) for SMP configuration information
[    0.000000] smpboot: Allowing 2 CPUs, 0 hotplug CPUs
[    0.000000] PM: Registered nosave memory: [mem 0x00000000-0x00000fff]
[    0.000000] PM: Registered nosave memory: [mem 0x0009f000-0x0009ffff]
[    0.000000] PM: Registered nosave memory: [mem 0x000a0000-0x000effff]
[    0.000000] PM: Registered nosave memory: [mem 0x000f0000-0x000fffff]
[    0.000000] e820: [mem 0x40000000-0xfebfffff] available for PCI devices
[    0.000000] Booting paravirtualized kernel on KVM
[    0.000000] clocksource: refined-jiffies: mask: 0xffffffff max_cycles: 0xffffffff, max_idle_ns: 7645519600211568 ns
[    0.000000] setup_percpu: NR_CPUS:512 nr_cpumask_bits:512 nr_cpu_ids:2 nr_node_ids:1
[    0.000000] PERCPU: Embedded 33 pages/cpu @ffff88003fc00000 s95448 r8192 d31528 u1048576
[    0.000000] Built 1 zonelists in Node order, mobility grouping on.  Total pages: 257912
[    0.000000] Policy zone: DMA32
[    0.000000] Kernel command line: BOOT_IMAGE=/boot/vmlinuz-4.4.0-177-generic root=LABEL=cloudimg-rootfs ro console=tty1 console=ttyS0
[    0.000000] PID hash table entries: 4096 (order: 3, 32768 bytes)
[    0.000000] Memory: 997676K/1048120K available (8626K kernel code, 1336K rwdata, 4036K rodata, 1488K init, 1292K bss, 50444K reserved, 0K cma-reserved)
[    0.000000] SLUB: HWalign=64, Order=0-3, MinObjects=0, CPUs=2, Nodes=1
[    0.000000] Kernel/User page tables isolation: enabled
[    0.000000] Hierarchical RCU implementation.
[    0.000000] 	Build-time adjustment of leaf fanout to 64.
[    0.000000] 	RCU restricting CPUs from NR_CPUS=512 to nr_cpu_ids=2.
[    0.000000] RCU: Adjusting geometry for rcu_fanout_leaf=64, nr_cpu_ids=2
[    0.000000] NR_IRQS:33024 nr_irqs:440 16
[    0.000000] Console: colour VGA+ 80x25
[    0.000000] console [tty1] enabled
[    0.000000] console [ttyS0] enabled
[    0.000000] tsc: Detected 1799.992 MHz processor
[    0.395387] Calibrating delay loop (skipped) preset value.. 3599.98 BogoMIPS (lpj=7199968)
[    0.397211] pid_max: default: 32768 minimum: 301
[    0.398148] ACPI: Core revision 20150930
[    0.400005] ACPI: 2 ACPI AML tables successfully acquired and loaded
[    0.401433] Security Framework initialized
[    0.402301] Yama: becong mindfl.
[    0.448548] AppArmor: AppArmor initialized
[    0.455261] Dentry cache hash table entries: 131072 (order: 8, 1048576 bytes)
[    0.457802] Inode-cache hash table entries: 65536 (order: 7, 524288 bytes)
[    0.468868] Mount-cache hash table entries: 2048 (order: 2, 16384 bytes)
[    0.537475] Mountpoint-cache hash table entries: 2048 (order: 2, 16384 bytes)
[    0.539521] Initializing cgroup subsys io
[    0.540606] Initializing cgroup subsys memory
[    0.541769] Initializing cgroup subsys devices
[    0.542836] Initializing cgroup subsys freezer
[    0.543846] Initializing cgroup subsys net_cls
[    0.544695] Initializing cgroup subsys perf_event
[    0.545605] Initializing cgroup subsys net_prio
[    0.546654] Initializing cgroup subsys hugetlb
[    0.547624] Initializing cgroup subsys pids
[    0.549827] mce: CPU supports 0 MCE banks
[    0.550804] Last level iTLB entries: 4KB 64, 2MB 8, 4MB 8
[    0.551792] Last level dTLB entries: 4KB 64, 2MB 0, 4MB 0, 1GB 4
[    0.553211] Spectre V1 : Mitigation: usercopy/swapgs barriers and __user pointer sanitization
[    0.572063] Spectre V2 : Mitigation: Full generic retpoline
[    0.573856] Spectre V2 : Spectre v2 / SpectreRSB mitigation: Filling RSB on context switch
[    0.575706] Speculative Store Bypass: Vulnerable
[    0.576651] MDS: Mitigation: Clear CPU buffers
[    0.580223] Freeing SMP alternatives memory: 36K
[    0.593958] ftrace: allocating 32304 entries in 127 pages
[    0.715646] smpboot: APIC(0) Converting physical 0 to logical package 0
[    0.724370] smpboot: Max logical packages: 1
[    0.725789] x2apic enabled
[    0.726784] Switched APIC routing to physical x2apic.
[    0.728940] ..TIMER: vector=0x30 apic1=0 pin1=2 apic2=-1 pin2=-1
[    0.838318] smpboot: CPU0: Intel(R) Core(TM) i5-8265U CPU @ 1.60GHz (family: 0x6, model: 0x8e, stepping: 0xc)
[    0.855387] Performance Events: unsupported p6 CPU model 142 no PMU driver, software events only.
[    0.913138] KVM setup paravirtual spinlock
[    0.925679] x86: Booting SMP configuration:
[    0.958896] .... node  #0, CPUs:      #1
[    0.971375] kvm-clock: cpu 1, msr 0:3ffe3041, secondary cpu clock
[    0.973975] mce: CPU supports 0 MCE banks
[    0.976706] x86: Booted up 1 node, 2 CPUs
[    0.990632] smpboot: Total of 2 processors activated (7199.96 BogoMIPS)
[    0.994748] devtmpfs: initialized
[    0.998125] evm: security.selinux
[    1.001481] evm: security.SMACK64
[    1.007653] evm: security.SMACK64EXEC
[    1.008559] evm: security.SMACK64TRANSMUTE
[    1.009514] evm: security.SMACK64MMAP
[    1.010457] evm: security.ima
[    1.011260] evm: security.capability
[    1.012375] clocksource: jiffies: mask: 0xffffffff max_cycles: 0xffffffff, max_idle_ns: 7645041785100000 ns
[    1.015668] futex hash table entries: 512 (order: 3, 32768 bytes)
[    1.017160] pinctrl core: initialized pinctrl subsystem
[    1.018543] RTC time: 16:05:25, date: 04/08/20
[    1.027410] NET: Registered protocol family 16
[    1.037800] cpuidle: using governor ladder
[    1.050011] cpuidle: using governor menu
[    1.051686] PCCT header not found.
[    1.053355] ACPI: bus type PCI registered
[    1.065591] acpiphp: ACPI Hot Plug PCI Controller Driver version: 0.5
[    1.067901] PCI: Using configuration type 1 for base access
[    1.083101] ACPI: Added _OSI(Module Device)
[    1.084374] ACPI: Added _OSI(Processor Device)
[    1.085449] ACPI: Added _OSI(3.0 _SCP Extensions)
[    1.086691] ACPI: Added _OSI(Processor Aggregator Device)
[    1.089492] ACPI: Executed 1 blocks of module-level executable AML code
[    1.094777] ACPI: Interpreter enabled
[    1.120668] ACPI: (supports S0 S5)
[    1.121816] ACPI: Using IOAPIC for interrupt routing
[    1.151458] PCI: Using host bridge windows from ACPI; if necessary, use "pci=nocrs" and report a bug
[    1.159544] ACPI: PCI Root Bridge [PCI0] (domain 0000 [bus 00-ff])
[    1.171947] acpi PNP0A03:00: _OSC: OS supports [ASPM ClockPM Segments MSI]
[    1.173874] acpi PNP0A03:00: _OSC: not requesting OS control; OS requires [ExtendedConfig ASPM ClockPM MSI]
[    1.177924] acpi PNP0A03:00: fail to add MMCONFIG information, can't access extended PCI configuration space under this bridge.
[    1.180765] PCI host bridge to bus 0000:00
[    1.181662] pci_bus 0000:00: root bus resource [io  0x0000-0x0cf7 window]
[    1.183103] pci_bus 0000:00: root bus resource [io  0x0d00-0xffff window]
[    1.184421] pci_bus 0000:00: root bus resource [mem 0x000a0000-0x000bffff window]
[    1.186071] pci_bus 0000:00: root bus resource [mem 0x40000000-0xfdffffff window]
[    1.188018] pci_bus 0000:00: root bus resource [bus 00-ff]
[    1.207509] pci 0000:00:01.1: legacy IDE quirk: reg 0x10: [io  0x01f0-0x01f7]
[    1.208873] pci 0000:00:01.1: legacy IDE quirk: reg 0x14: [io  0x03f6]
[    1.210127] pci 0000:00:01.1: legacy IDE quirk: reg 0x18: [io  0x0170-0x0177]
[    1.212120] pci 0000:00:01.1: legacy IDE quirk: reg 0x1c: [io  0x0376]
[    1.242233] pci 0000:00:07.0: quirk: [io  0x4000-0x403f] claimed by PIIX4 ACPI
[    1.259128] pci 0000:00:07.0: quirk: [io  0x4100-0x410f] claimed by PIIX4 SMB
[    1.277625] ACPI: PCI Interrupt Link [LNKA] (IRQs 5 9 10 *11)
[    1.307095] ACPI: PCI Interrupt Link [LNKB] (IRQs 5 9 *10 11)
[    1.353835] ACPI: PCI Interrupt Link [LNKC] (IRQs 5 *9 10 11)
[    1.361671] ACPI: PCI Interrupt Link [LNKD] (IRQs 5 9 10 *11)
[    1.382205] ACPI: Enabled 2 GPEs in block 00 to 07
[    1.395794] vgaarb: setting as boot device: PCI:0000:00:02.0
[    1.396998] vgaarb: device added: PCI:0000:00:02.0,decodes=io+mem,owns=io+mem,locks=none
[    1.398639] vgaarb: loaded
[    1.399278] vgaarb: bridge control possible 0000:00:02.0
[    1.400565] SCSI subsystem initialized
[    1.401475] ACPI: bus type USB registered
[    1.402392] usbcore: registered new interface driver usbfs
[    1.424062] usbcore: registered new interface driver hub
[    1.425396] usbcore: registered new device driver usb
[    1.426703] PCI: Using ACPI for IRQ routing
[    1.428003] NetLabel: Initializing
[    1.448307] NetLabel:  domain hash size = 128
[    1.475415] NetLabel:  protocols = UNLABELED CIPSOv4
[    1.477394] NetLabel:  unlabeled traffic allowed by default
[    1.504056] amd_nb: Cannot enumerate AMD northbridges
[    1.506399] clocksource: Switched to clocksource kvm-clock
[    1.567261] AppArmor: AppArmor Filesystem Enabled
[    1.654973] pnp: PnP ACPI init
[   .678] p:nPACI:found 3 devices

[    1.946475] clocksource: acpi_pm: mask: 0xffffff max_cycles: 0xffffff, max_idle_ns: 2085701024 ns
[    1.948237] NET: Registered protocol family 2
[    1.949156] TCP established hash table entries: 8192 (order: 4, 65536 bytes)
[    1.950488] TCP bind hash table entries: 8192 (order: 5, 131072 bytes)
[    1.951548] TCP: Hash tables configured (established 8192 bind 8192)
[    1.952620] UDP hah blentries: 512 (order2, 16384 bytes)
[    2.132692] UDP-Lite hash table entries: 512 (order: 2, 16384 bytes)
[    2.134165] NET: Registered protocol family 1
[    2.135214] pci 0000:00:00.0: Limiting direct PCI/PCI transfers
[    2.136929] pci 0000:00:01.0: Activating ISA DMA hang workarounds
[   2.139254] Unpacking initramfs...

[    2.454660] Freeing initrd memory: 14876K
[    2.487674] clocksource: tsc: mask: 0xffffffffffffffff max_cycles: 0x19f22218814, max_idle_ns: 440795285422 ns
[    2.507281] platform rtc_cmos: registered platform RTC device (no PNP device found)
[    2.546005] Scanning for low memory corruption every 60 seconds
[    2.547816] audit: initializing netlink subsys (disabled)
[    2.549285] audit: type=2000 audit(1586361930.977:1): initialized
[    2.550778] Initialise system trusted keyring
[    2.552131] HugeTLB registered 2 MB page size, pre-allocated 0 pages
[    2.577135] zbud: loaded
[    2.625404] VFS: Disk quotas dquot_6.6.0
[    2.644918] VFS: Dquot-cache hash table entries: 512 (order 0, 4096 bytes)
[    2.646690] squashfs: version 4.0 (2009/01/31) Phillip Lougher
[    2.648219] fuse init (API version 7.23)
[    2.649376] Key type big_key registered
[    2.650237] Allocating IMA MOK and blacklist keyrings.
[    2.653200] Key type asymmetric registered
[    2.654408] Asymmetric key parser 'x509' registered
[    2.656382] Block layer SCSI generic (bsg) driver version 0.4 loaded (major 249)
[    2.660538] io scheduler noop registered
[    2.661961] io scheduler deadline registered (default)
[    2.663303] io scheduler cfq registered
[    2.664241] pci_hotplug: PCI Hot Plug PCI Core version: 0.5
[    2.665296] pciehp: PCI Express Hot Plug Controller Driver version: 0.4
[    2.666611] ACPI: AC Adapter [AC] (off-line)
[    2.667555] input: Power Button as /devices/LNXSYSTM:00/LNXPWRBN:00/input/input0
[    2.668946] ACPI: Power Button [PWRF]
[    2.670217] input: Sleep Button as /devices/LNXSYSTM:00/LNXSLPBN:00/input/input1
[    2.672342] ACPI: Sleep Button [SLPF]
[    2.675232] GHES: HEST is not enabled!
[    2.675312] ACPI: Battery Slot [BAT0] (battery present)
[    2.67865Seal8250/16550 drive,  pts, IRQharing enabled
[  3.107746] 00:02: ttyS0 at I/O 0x3f8 (irq = 4, base_baud = 115200) is a 16550A

[    3.164424] Linux agpgart interface v0.103
[    3.167702] loop: module loaded
[    3.170976] scsi host0: ata_piix
[    3.184916] scsi host1: ata_piix
[    3.185924] ata1: PATA max UDMA/33 cmd 0x1f0 ctl 0x3f6 bmdma 0xd000 irq 14
[    3.205758] ata2: PATA max UDMA/33 cmd 0x170 ctl 0x376 bmdma 0xd008 irq 15
[    3.207568] libphy: Fixed MDIO Bus: probed
[    3.208581] tun: Universal TUN/TAP device driver, 1.6
[    3.209617] tun: (C) 1999-2004 Max Krasnyansky <maxk@qualcomm.com>
[    3.210909] PPP generic driver version 2.4.2
[    3.211901] ehci_hcd: USB 2.0 'Enhanced' Host Controller (EHCI) Driver
[    3.213041] ehci-pci: EHCI PCI platform driver
[    3.213964] ehci-platform: EHCI generic platform driver
[    3.345189] ohci_hcd: USB 1.1 'Open' Host Controller (OHCI) Driver
[    3.346926] ohci-pci: OHCI PCI platform driver
[    3.348403] ohci-platform: OHCI generic platform driver
[    3.350390] uhci_hcd: USB Universal Host Controller Interface driver
[    3.352491] i8042: PNP: PS/2 Controller [PNP0303:PS2K,PNP0f03:PS2M] at 0x60,0x64 irq 1,12
[    3.358159] serio: i8042 KBD port at 0x60,0x64 irq 1
[    3.363777] serio: i8042 AUX port at 0x60,0x64 irq 12
[    3.365750] mousedev: PS/2 mouse device common for all mice
[    3.369928] input: AT Translated Set 2 keyboard as /devices/platform/i8042/serio0/input/input2
[    3.373702] rtc_cmos rtc_cmos: rtc core: registered rtc_cmos as rtc0
[    3.375546] rtc_cmos rtc_cmos: alarms up to one day, 114 bytes nvram
[    3.376917] i2c /dev entries driver
[    3.377906] device-mapper: uevent: version 1.0.3
[    3.379250] device-mapper: ioctl: 4.34.0-ioctl (2015-10-28) initialised: dm-devel@redhat.com
[    3.381120] ledtrig-cpu: registered to indicate activity on CPUs
[    3.383723] NET: Registered protocol family 10
[    3.385158] NET: Registered protocol family 17
[    3.386322] Key type dns_resolver registered
[    3.388662] registered taskstats version 1
[    3.391924] Loading compiled-in X.509 certificates
[    3.394197] Loaded X.509 cert 'Build time autogenerated kernel key: a048edf52b07f04005c7780de0f875c713550332'
[    3.397157] zswap: loaded using pool lzo/zbud
[    3.400644] Key type trusted registered
[    3.407610] Key type encrypted registered
[    3.416836] AppArmor: AppArmor sha1 policy hashing enabled
[    3.418103] ima: No TPM chip found, activating TPM-bypass!
[    3.419549] ima: Allocated hash algorithm: sha1
[    3.431829] evm: HMAC attrs: 0x1
[    3.433567]   Magic number: 0:797:84
[    3.435010] rtc_cmos rtc_cmos: setting system clock to 2020-04-08 16:05:27 UTC (1586361927)
[    3.505417] BIOS EDD facility v0.16 2004-Jun-25, 0 devices found
[    3.507645] EDD information not available.
[    3.511738] Freeing unused kernel memory: 1488K
[    3.538738] Write protecting the kernel read-only data: 14336k
[    4.914346] Freeing unused kernel memory: 1604K
[    5.251418] Freeing unused kernel memory: 60K
Loading, please [    5.268536] random: systemd-udevd: uninitialized urandom read (16 bytes read, 5 bits of entropy available)
wait...
starting version 229
[    5.269425] random: udevadm: uninitialized urandom read (16 bytes read, 5 bits of entropy available)
[    5.269496] random: udevadm: uninitialized urandom read (16 bytes read, 5 bits of entropy available)
[    5.280931] random: udevadm: uninitialized urandom read (16 bytes read, 5 bits of entropy available)
[    5.280969] random: udevadm: uninitialized urandom read (16 bytes read, 5 bits of entropy available)
[    5.281085] random: udevadm: uninitialized urandom read (16 bytes read, 5 bits of entropy available)
[    5.281127] random: udevadm: uninitialized urandom read (16 bytes read, 5 bits of entropy available)
[    5.281167] random: udevadm: uninitialized urandom read (16 bytes read, 5 bits of entropy available)
[    5.281208] random: udevadm: uninitialized urandom read (16 bytes read, 5 bits of entropy available)
[    5.281249] random: udevadm: uninitialized urandom read (16 bytes read, 5 bits of entropy available)
[    5.369185] e1000: Intel(R) PRO/1000 Network Driver - version 7.3.21-k8-NAPI
[    5.454808] e1000: Copyright (c) 1999-2006 Intel Corporation.
[    5.459657] Fusion MPT base driver 3.04.20
[    5.475011] Copyright (c) 1999-2008 LSI Corporation
[    5.496546] Fusion MPT SPI Host driver 3.04.20
[    5.535876] AVX2 version of gcm_enc/dec engaged.
[    5.543934] AES CTR mode by8 optimization enabled
[    5.713639] input: ImExPS/2 Generic Explorer Mouse as /devices/platform/i8042/serio1/input/input4
[    5.859772] e1000 0000:00:03.0 eth0: (PCI:33MHz:32-bit) 02:ba:b8:ca:39:a3
[    5.861559] e1000 0000:00:03.0 eth0: Intel(R) PRO/1000 Network Connection
[    6.271321] e1000 0000:00:08.0 eth1: (PCI:33MHz:32-bit) 08:00:27:c8:4c:34
[    6.305572] e1000 0000:00:08.0 eth1: Intel(R) PRO/1000 Network Connection
[    6.309307] e1000 0000:00:08.0 enp0s8: renamed from eth1
[    6.310720] mptbase: ioc0: Initiating bringup
[    6.341490] e1000 0000:00:03.0 enp0s3: renamed from eth0
[    6.404739] ioc0: LSI53C1030 A0: Capabilities={Initiator}
[    7.506800] scsi host2: ioc0: LSI53C1030 A0, FwRev=00000000h, Ports=1, MaxQ=256, IRQ=20
[    7.894948] scsi 2:0:0:0: Direct-Access     VBOX     HARDDISK         1.0  PQ: 0 ANSI: 5
[    7.927220] scsi target2:0:0: Beginning Domain Validation
[    7.931038] scsi target2:0:0: Domain Validation skipping write tests
[    7.933038] scsi target2:0:0: Ending Domain Validation
[    7.934651] scsi target2:0:0: asynchronous
[    7.936360] scsi 2:0:1:0: Direct-Access     VBOX     HARDDISK         1.0  PQ: 0 ANSI: 5
[    7.939104] scsi target2:0:1: Beginning Domain Validation
[    7.952791] scsi target2:0:1: Domain Validation skipping write tests
[    7.954311] scsi target2:0:1: Ending Domain Validation
[    7.957402] scsi target2:0:1: asynchronous
[    7.963745] sd 2:0:0:0: Attached scsi generic sg0 type 0
[    8.006888] sd 2:0:0:0: [sda] 20971520 512-byte logical blocks: (10.7 GB/10.0 GiB)
[    8.007224] sd 2:0:1:0: [sdb] 20480 512-byte logical blocks: (10.5 MB/10.0 MiB)
[    8.007390] sd 2:0:1:0: [sdb] Write Protect is off
[    8.007475] sd 2:0:1:0: [sdb] Incomplete mode parameter data
[    8.007478] sd 2:0:1:0: [sdb] Assuming drive cache: write through
[    8.008101] sd 2:0:1:0: Attached scsi generic sg1 type 0
[    8.009416] sd 2:0:1:0: [sdb] Attached SCSI disk
[    8.016641] sd 2:0:0:0: [sda] Write Protect is off
[    8.021716] sd 2:0:0:0: [sda] Incomplete mode parameter data
[    8.155154] sd 2:0:0:0: [sda] Assuming drive cache: write through
[    8.159590]  sda: sda1
[    8.226391] sd 2:0:0:0: [sda] Attached SCSI disk
Begin: Loading essential drivers ... [    9.618576] md: linear personality registered for level -1
[    9.624657] md: multipath personality registered for level -4
[    9.629667] md: raid0 personality registered for level 0
[    9.661140] md: raid1 personality registered for level 1
[    9.743975] raid6: sse2x1   gen()  8740 MB/s
[    9.815282] raid6: sse2x1   xor()  3966 MB/s
[    9.923342] raid6: sse2x2   gen() 10916 MB/s
[    9.991157] raid6: sse2x2   xor()  6262 MB/s
[   10.058616] raid6: sse2x4   gen() 11791 MB/s
[   10.133879] raid6: sse2x4   xor()  8966 MB/s
[   10.203940] raid6: avx2x1   gen() 14753 MB/s
[   10.274048] raid6: avx2x2   gen() 15671 MB/s
[   10.343913] raid6: avx2x4   gen() 26811 MB/s
[   10.346281] raid6: using algorithm avx2x4 gen() 26811 MB/s
[   10.347739] raid6: using avx2x2 recovery algorithm
[   10.350220] xor: automatically using best checksumming function:
[   10.414431]    avx       : 56792.000 MB/sec
[   10.417200] async_tx: api initialized (async)
[   10.427494] md: raid6 personality registered for level 6
[   10.428921] md: raid5 personality registered for level 5
[   10.430481] md: raid4 personality registered for level 4
[   10.438482] md: raid10 personality registered for level 10
done.
Begin: Running /scripts/init-premount ... done.
Begin: Mounting root file system ... Begin: Running /scri[   10.472691] Btrfs loaded
pts/local-top ... done.
Begin: Running /scripts/local-premount ... Scanning for Btrfs filesystems
done.
Warning: fsck not present, so skipping root file system
[   10.572709] EXT4-fs (sda1): mounted filesystem with ordered data mode. Opts: (null)
done.
Begin: Running /scripts/local-bottom ... done.
Begin: Running /scripts/init-bottom ... done.
[   10.747255] systemd[1]: systemd 229 running in system mode. (+PAM +AUDIT +SELINUX +IMA +APPARMOR +SMACK +SYSVINIT +UTMP +LIBCRYPTSETUP +GCRYPT +GNUTLS +ACL +XZ -LZ4 +SECCOMP +BLKID +ELFUTILS +KMOD -IDN)
[   10.838416] systemd[1]: Detected virtualization oracle.
[   10.840289] systemd[1]: Detected architecture x86-64.

Welcome to [1mUbuntu 16.04.6 LTS[0m!

[   11.513373] systemd[1]: Set hostname to <ubuntu>.
[  1.518484] systemd[1]: Initializing machine ID from random generator.
[   11.579589] systemd[1]: Installed transient /etc/machine-id file.
[ 1293211] random: nonblocking pool is initialized
[   12.900821] systemd[1]: Listening on udev Kernel Socket.
[[0;32m  OK  [0m] Listening on udev Kernel Socket.
[   12.904553] systemd[1]: Listening on Syslog Socket.
[[0;32m  OK  [0m] Listening on Syslog Socket.
[   12.909073] systemd[1]: Listening on Journal Audit Socket.
[[0;32m  OK  [0m] Listening on Journal Audit Socket.
[   13.249967] systemd[1]: Listening on LVM2 metadata daemon socket.
[[0;32m  OK  [0m] Listening on LVM2 metadata daemon socket.
[   13.253922] systemd[1]: Created slice System Slice.
[[0;32m  OK  [0m] Created slice System Slice.
[   13.257126] systemd[1]: Listening on LVM2 poll daemon socket.
[[0;32m  OK  [0m] Listening on LVM2 poll daemon socket.
[   13.261365] systemd[1]: Reached target Swap.
[[0;32m  OK  [0m] Reached target Swap.
[ 13645]ysemd[1]: Started Trigger resolvconf update for network D.
[[0;32m  OK  [0m] Started Trigger resolvconf update for networkd DNS.
[   13.796550] systemd[1]: Listening on Journal Socket.
[[0;32m  OK  [0m] Listening on Journal Socket.
[   13.814693] systemd[1]: Starting Nameserver information manager...
         Starting Nameserver information manager...
[   13.940115] systemd[1]: Starting Uncomplicated firewall...
         Starting Uncomplicated firewall...
[   14.018027] systemd[1]: Starting Create list of required static device nodes for the current kernel...
         Starting Create list of required st... nodes for the current kernel...
[   14.086722] systemd[1]: Mounting Debug File System...
         Mounting Debug File System...
[   14.121201] systemd[1]: Starting Load Kernel Modules...
         Starting Load Kernel Modules...
[   14.151217] systemd[1]: Listening on Journal Socket (/dev/log).
[[0;32m  OK  [0m] Listening on [   14.160878] Loading iSCSI transport class v2.0-870.
Journal Socket (/dev/log).
[   14.282777] iscsi: registered transport (tcp)
[   14.624493] systemd[1]: Listening on udev Control Socket.
[[0;32m  OK  [0m] Listening on udev Control Socket.
[   14.727412] systemd[1]: Created slice User and Session Slice.
[[0;32m  OK  [0m] Created slice User and Session Slice.
[   14.746903] systemd[1]: Starting Journal Service...
         Starting Journal Service...
[   14.783195] systemd[1]: Reached target System Time Synchronized.
[[0;32m  OK  [0m] Reached target System Time Synchronized.
[   14.793498] systemd[1]: Starting Set console keymap...
         [   14.809318] iscsi: registered transport (iser)
Starting Set console keymap...
[   14.823069] systemd[1]: Started Forward Password Requests to Wall Directory Watch.
[[0;32m  OK  [0m] Started Forward Password Requests to Wall Directory Watch.
[   14.827614] systemd[1]: Reached target Encrypted Volumes.
[[0;32m  OK  [0m] Reached target Encrypted Volumes.
[   14.830517] systemd[1]: Set up automount Arbitrary Executable File Formats File System Automount Point.
[[0;32m  OK  [0m] Set up automount Arbitrary Executab...ats File System Automount Point.
[   14.840915] systemd[1]: Listening on Device-mapper event daemon FIFOs.
[[0;32m  OK  [0m] Listening on Device-mapper event daemon FIFOs.
[   14.855225] systemd[1]: Starting Monitoring of LVM2 mirrors, snapshots etc. using dmeventd or progress polling...
         Starting Monitoring of LVM2 mirrors... dmeventd or progress polling...
[   14.861585] systemd[1]: Created slice system-serial\x2dgetty.slice.
[[0;32m  OK  [0m] Created slice system-serial\x2dgetty.slice.
[   14.865384] systemd[1]: Reached target Slices.
[[0;32m  OK  [0m] Reached target Slices.
[   14.869590] systemd[1]: Mounting POSIX Message Queue File System...
         Mounting POSIX Message Queue File System...
[   14.874492] systemd[1]: Listening on /dev/initctl Compatibility Named Pipe.
[[0;32m  OK  [0m] Listening on /dev/initctl Compatibility Named Pipe.
[   14.880850] systemd[1]: Mounting Huge Pages File System...
         Mounting Huge Pages File System...
[   14.883721] systemd[1]: Reached target User and Group Name Lookups.
[[0;32m  OK  [0m] Reached target User and Group Name Lookups.
[   14.910820] systemd[1]: Starting Remount Root and Kernel File Systems...
         Starting Remount Root and Kernel File Systems...
[   14.920959] EXT4-fs (sda1): re-mounted. Opts: (null)
[   14.921776] systemd[1]: Mounted Huge Pages File System.
[[0;32m  OK  [0m] Mounted Huge Pages File System.
[   14.925584] systemd[1]: Mounted Debug File System.
[[0;32m  OK  [0m] Mounted Debug File System.
[   14.928612] systemd[1]: Mounted POSIX Message Queue File System.
[[0;32m  OK  [0m] Mounted POSIX Message Queue File System.
[   14.932568] systemd[1]: Started Journal Service.
[[0;32m  OK  [0m] Started Journal Service.
[[0;32m  OK  [0m] Started Uncomplicated firewall.
[[0;32m  OK  [0m] Started Create list of required sta...ce nodes for the current kernel.
[[0;32m  OK  [0m] Started Load Kernel Modules.
[[0;32m  OK  [0m] Started Set console keymap.
[[0;32m  OK  [0m] Started Remount Root and Kernel File Systems.
[[0;32m  OK  [0m] Started Nameserver information manager.
[[0;32m  OK  [0m] Started LVM2 metadata daemon.
         Starting udev Coldplug all Devices...
         Starting Load/Save Random Seed...
         Mounting FUSE Control File System...
         Starting Apply Kernel Variables...
         Starting Create Static Device Nodes in /dev...
         Starting Flush Journal to Persistent Storage...
[[0;32m  OK  [0m] Mounted FUSE Control File System.
[[0;32m  OK  [0m] Started Load/Save Random Seed.
[[0;32m  OK  [0m] Started Apply Kernel Variables.
[[0;32m  OK  [0m] Started Create Static Device Nodes in /dev.
         Starting udev Kernel Device Manager...
[[0;32m  OK  [0m] Started Flush Journal to Persistent Storage.
[[0;32m  OK  [0m] Started udev Coldplug all Devices.
[[0;32m  OK  [0m] Started udev Kernel Device Manager.
[[0;32m  OK  [0m] Started Dispatch Password Requests to Console Directory Watch.
[[0;32m  OK  [0m] Found device /dev/ttyS0.
[[0;32m  OK  [0m] Listening on Load/Save RF Kill Switch Status /dev/rfkill Watch.
[[0;32m  OK  [0m] Started Monitoring of LVM2 mirrors,...ng dmeventd or progress polling.
[[0;32m  OK  [0m] Reached target Local File Systems (Pre).
[[0;32m  OK  [0m] Reached target Local File Systems.
         Starting LSB: AppArmor initialization...
         Starting Tell Plymouth To Write Out Runtime Data...
         Starting Set console font and keymap...
         Starting Create Volatile Files and Directories...
         Starting Commit a transient machine-id on disk...
         Starting Initial cloud-init job (pre-networking)...
[[0;32m  OK  [0m] Started Tell Plymouth To Write Out Runtime Data.
[[0;32m  OK  [0m] Started Create Volatile Files and Directories.
         Starting Update UTMP about System Boot/Shutdown...
[[0;32m  OK  [0m] Started Update UTMP about System Boot/Shutdown.
[[0;32m  OK  [0m] Started Commit a transient machine-id on disk.
[[0;32m  OK  [0m] Started Set console font and keymap.
[[0;32m  OK  [0m] Created slice system-getty.slice.
[[0;32m  OK  [0m] Started LSB: AppArmor initialization.
[   16.011462] cloud-init[656]: Cloud-init v. 19.4-33-gbb4131a2-0ubuntu1~16.04.1 running 'init-local' at Wed, 08 Apr 2020 16:05:40 +0000. Up 15.70 seconds.
[[0;32m  OK  [0m] Started Initial cloud-init job (pre-networking).
[[0;32m  OK  [0m] Reached target Network (Pre).
         Starting Raise network interfaces...
[[0;32m  OK  [0m] Started Raise network interfaces.
[[0;32m  OK  [0m] Reached target Network.
         Starting Initial cloud-init job (metadata service crawler)...
[   17.324046] cloud-init[972]: Cloud-init v. 19.4-33-gbb4131a2-0ubuntu1~16.04.1 running 'init' at Wed, 08 Apr 2020 16:05:41 +0000. Up 16.67 seconds.
[   17.365126] [[0;32m  OK  [0m] Started Initial cloud-init job (metadata service crawler).
[[0;32m  OK  [0m] Reached target Network is Online.
cloud-init[972]: ci-info: ++++++++++++++++++++++++++++++++++++++Net device info+++++++++++++++++++++++++++++++++++++++
[   17.369190] cloud-init[972]: ci-info: +--------+-------+----------------------------+---------------+--------+-------------------+
[   17.373509] cloud-init[972]: ci-info: | Device |   Up  |          Address           |      Mask     | Scope  |     Hw-Address    |
[   17.396303] cloud-init[972]: ci-info: +--------+-------+----------------------------+---------------+--------+-------------------+
         Starting iSCSI initiator daemon (iscsid)...
[[0;32m  OK  [0m] Reached target System Initialization.
[[0;32m  OK  [0m] Started Message of the Day.
[[0;32m  OK  [0m] Started Daily Cleanup of Temporary Directories.
[   17.405481] cloud-init[972]: ci-info: | enp0s3 |  True |         10.0.2.15          | 255.255.255.0 | global | 02:ba:b8:ca:39:a3 |
[   17.444870] cloud-init[972]: ci-info: | enp0s3 |  True | fe80::ba:b8ff:feca:39a3/64 |       .       |  link  | 02:ba:b8:ca:39:a3 |
[[0;32m  OK  [0m] Started Daily apt download activities.
[   17.466026] cloud-init[972]: ci-info: | enp0s8 | False |             .              |       .       |   .    | 08:00:27:c8:4c:34 |
[   17.482765] cloud-init[972]: ci-info: |   lo   |  True |         127.0.0.1          |   255.0.0.0   |  host  |         .         |
[   17.485645] cloud-init[972]: ci-info: |   lo   |  True |          ::1/128           |       .       |  host  |         .         |
[[0;32m  OK  [0m] Started ACPI Events Check.
[[0;32m  OK  [0m] Reached target Paths.
[[0;32m  OK  [0m] Listening on D-Bus System Message Bus Socket.
[[0;32m  OK  [0m] Started Daily apt upgrade and clean activities.
[[0;32m  OK  [0m] Reached target Timers.
[[0;32m  OK  [0m] Listening on UUID daemon activation socket.
[[0;32m  OK  [0m] Listening on ACPID Listen Socket.
[   17.491120] cloud-init[972]: ci-info: +--------+-------+----------------------------+---------------+--------+-------------------+
[   17.566134] cloud-init[972]: ci-info: +++++++++++++++++++++++++++Route IPv4 info++++++++++++++++++++++++++++
[   17.570387] cloud-init[972]: ci-info: +-------+-------------+----------+---------------+-----------+-------+
         Starting LXD - unix socket.
         Starting Socket activation for snappy daemon.
[[0;32m  OK  [0m] Reached target Cloud-config availability.
[   17.581683] cloud-init[972]: ci-info: | Route | Destination | Gateway  |    Genmask    | Interface | Flags |
[   17.585825] cloud-init[972]: ci-info: +-------+-------------+----------+---------------+-----------+-------+
[   17.587748] cloud-init[972]: ci-info: |   0   |   0.0.0.0   | 10.0.2.2 |    0.0.0.0    |   enp0s3  |   UG  |
[   17.604644] [[0;32m  OK  [0m] Listening on LXD - unix socket.
[[0;32m  OK  [0m] Listening on Socket activation for snappy daemon.
[[0;32m  OK  [0m] Started iSCSI initiator daemon (iscsid).
         Starting Login to default iSCSI targets...
[[0;32m  OK  [0m] Reached target Sockets.
[[0;32m  OK  [0m] Reached target Basic System.
cloud-init[972]: ci-info: |   1   |   10.0.2.0  | 0.0.0.0  | 255.255.255.0 |   enp0s3  |   U   |
[   17.614087] [[0;32m  OK  [0m] Started ACPI event daemon.
cloud-init[972]:          Starting Login Service...
ci-info: +-------+-------------+----------+---------------+-----------+-------+
[   17.618623] cloud-init[972]: ci-info: +++++++++++++++++++Route IPv6 info+++++++++++++++++++
         Starting Pollinate to seed the pseudo random number generator...
[   17.628883] cloud-init[972]: ci-info: +-------+-------------+---------+-----------+-------+
[   17.629233] cloud-init[972]: ci-info: | Route | Destination | Gateway | Interface | Flags |
[   17.629407] cloud-init[972]: ci-info: +-------+-------------+---------+-----------+-------+
[   17.629575] cloud-init[972]: ci-info: |   0   |  fe80::/64  |    ::   |   enp0s3  |   U   |
[   17.629978] cloud-init[972]: ci-info: |   3   |   ff00::/8  |    ::   |   enp0s3  |   U   |
[   17.630097] cloud-init[972]: ci-info: +-------+-------------+---------+-----------+-------+
[   17.630284] cloud-init[972]: Generating public/private rsa key pair.
[   17.630522] cloud-init[972]: Your identification has been saved in /etc/ssh/ssh_host_rsa_key.
[   17.630704] cloud-init[972]: Your public key has been saved in /etc/ssh/ssh_host_rsa_key.pub.
[   17.630896] cloud-init[972]: The key fingerprint is:
[   17.631127] cloud-init[972]: SHA256:dphqFUE4zTVdFggaLUzQcrnoNk2VUZ5Ak/q1TQdLH2Y root@ubuntu-xenial
[   17.631416] cloud-init[972]: The key's randomart image is:
[   17.631586] cloud-init[972]: +---[RSA 2048]----+
[   17.631753] cloud-init[972]: |      .X==OB.o+. |
[   17.631920] cloud-init[972]: |      + O+==oooE |
[   17.633125] cloud-init[972]: |       =o=  o.o+.|
[   17.633275] cloud-init[972]: |      . ++  . o o|
[   17.633511] cloud-init[972]: |     . oS... + . |
         Starting LSB: MD monitoring daemon...
[   17.633582] cloud-init[972]: |      ++... . .  |
[   17.784707] cloud-init[972]: |     .o.         |
[   17.788053] cloud-init[972]: |     .           |
[   17.791522] cloud-init[972]: |                 |
[   17.799284] cloud-init[972]: +----[SHA256]-----+
[   17.848347] cloud-init[972]: Generating public/private dsa key pair.
[   17.848659] cloud-init[972]: Your identification has been saved in /etc/ssh/ssh_host_dsa_key.
         Starting Accounts Service...
[   17.848894] cloud-init[972]: Your public key has been saved in /etc/ssh/ssh_host_dsa_key.pub.
[   17.876897] cloud-init[972]: The key fingerprint is:
[   17.877979] cloud-init[972]: SHA256:aYto76lXZNnNAHPANtmRVbwkjgxm8WvdNaU7Rz4J62I root@ubuntu-xenial
[   17.879549] cloud-init[972]: The key's randomart image is:
[   17.880720] cloud-init[972]: +---[DSA 1024]----+
[   17.912277] cloud-init[972]: |       .=*o+.o. .|
[   17.912546] cloud-init[972]: |        O++ . o..|
[[0;32m  OK  [0m] Started FUSE filesystem for LXC.
[   17.912830] cloud-init[972]: |       + *.* +.oo|
[   17.930354] cloud-init[972]: |        +.+o+.+=o|
[   17.936271] cloud-init[972]: |       oS o ..+oo|
[   17.937420] cloud-init[972]: |     . o.o  .  o.|
[   17.942783] cloud-init[972]: |    o ...  E .   |
         Starting Virtualbox guest utils...
[   17.945095] cloud-init[972]: |   . ...  . .    |
[   17.970125] cloud-init[972]: |    .++          |
[   17.970985] cloud-init[972]: +----[SHA256]-----+
[   17.971504] cloud-init[972]: Generating public/private ecdsa key pair.
[   17.971939] cloud-init[972]: Your identification has been saved in /etc/ssh/ssh_host_ecdsa_key.
[   17.972890] cloud-init[972]: Your public key has been saved in /etc/ssh/ssh_host_ecdsa_key.pub.
[   17.973338] cloud-init[972]: The key fingerprint is:
[   17.973813] cloud-init[972]: SHA256:StbLsr3PofA53gMFjKUx/vaAQGNvFkYBhhwt5KVJZkQ root@ubuntu-xenial
[   17.974242] cloud-init[972]: The key's randomart image is:
[   17.974696] cloud-init[972]: +---[ECDSA 256]---+
[   17.975151] cloud-init[972]: | =E+BoB=.        |
[   17.975493] cloud-init[972]: | =+B.=.=o        |
[   17.975834] cloud-init[972]: |  +.. *  .       |
[   17.976616] cloud-init[972]: |     + +  .      |
[   17.976941] cloud-init[972]: |      + S.       |
[   17.977279] cloud-init[972]: |     o +.+       |
[   17.977659] cloud-init[972]: |      + o.o      |
[   17.977993] cloud-init[972]: |       *.=..     |
[   17.978333] cloud-init[972]: |      ..B++.     |
[   17.978689] cloud-init[972]: +----[SHA256]-----+
[   17.979006] cloud-init[972]: Generating public/private ed25519 key pair.
[   17.979350] cloud-init[972]: Your identification has been saved in /etc/ssh/ssh_host_ed25519_key.
[   17.979689] cloud-init[972]: Your public key has been saved in /etc/ssh/ssh_host_ed25519_key.pub.
[   17.980138] cloud-init[972]: The key fingerprint is:
[   17.980366] cloud-init[972]: SHA256:uBSlv0hLa+tg8+aI83lEfTL4UZG1TrFCWzpvPB+buFY root@ubuntu-xenial
[   17.980616] cloud-init[972]: The key's randomart image is:
[   17.980886] cloud-init[972]: +--[ED25519 256]--+
[   17.981150] cloud-init[972]: |        . o++    |
[[0;32m  OK  [0m] Started Deferred execution scheduler.
[   17.981231] cloud-init[972]: |       o .o+ +   |
         Starting Snappy daemon...
[   18.115152] cloud-init[972]: |      oo .= +    |
         [   18.127273] cloud-init[972]: |      o+= .B     |
[   18.128130] cloud-init[972]: |     .=.S=  * .  |
Starting LSB: Record successful boot for GRUB...
         Starting /etc/rc.local Compatibility...
         Starting System Logging Service...
[   18.128431] cloud-init[972]: |     +.=.. . +E+ |
[[0;32m  OK  [0m] Started Regular background program processing daemon.
[   18.151537] cloud-init[972]: |    +.* .   ..+  |
[   18.201217] cloud-init[972]: |  .o Bo.    ..   |
[   18.201671] cloud-init[972]: |  .o+==    ..    |
[   18.201952] cloud-init[972]: +----[SHA256]-----+
[[0;32m  OK  [0m] Started D-Bus System Message Bus.
         Starting LXD - container startup/shutdown...
[[0;32m  OK  [0m] Started System Logging Service.
[[0;32m  OK  [0m] Started /etc/rc.local Compatibility.
[[0;32m  OK  [0m] Started Login Service.
[[0;32m  OK  [0m] Started Unattended Upgrades Shutdown.
         Starting Authenticate and Authorize Users to Run Privileged Tasks...
[[0;32m  OK  [0m] Started LSB: MD monitoring daemon.
[[0;32m  OK  [0m] Started LSB: Record successful boot for GRUB.
[[0;32m  OK  [0m] Started Login to default iSCSI targets.
[[0;32m  OK  [0m] Started Authenticate and Authorize Users to Run Privileged Tasks.
[[0;32m  OK  [0m] Started Accounts Service.
[[0;32m  OK  [0m] Reached target Remote File Systems (Pre).
[[0;32m  OK  [0m] Reached target Remote File Systems.
         Starting Permit User Sessions...
         Starting LSB: daemon to balance interrupts for SMP systems...
         Starting LSB: automatic crash report generation...
         Starting LSB: Set the CPU Frequency Scaling governor to "ondemand"...
[[0;32m  OK  [0m] Started Snappy daemon.
[[0;32m  OK  [0m] Started Virtualbox guest utils.
[[0;32m  OK  [0m] Started LXD - container startup/shutdown.
[[0;32m  OK  [0m] Started Permit User Sessions.
         Starting Terminate Plymouth Boot Screen...
         Starting Hold until boot process finishes up...
         Starting Wait until snapd is fully seeded...
[[0;32m  OK  [0m] Started LSB: daemon to balance interrupts for SMP systems.
[[0;32m  OK  [0m] Started LSB: automatic crash report generation.
[[0;32m  OK  [0m] Started LSB: Set the CPU Frequency Scaling governor to "ondemand".
[[0;32m  OK  [0m] Started Terminate Plymouth Boot Screen.
[[0;32m  OK  [0m] Started Hold until boot process finishes up.
[[0;32m  OK  [0m] Started Getty on tty1.
[[0;32m  OK  [0m] Started Serial Getty on ttyS0.
[[0;32m  OK  [0m] Reached target Login Prompts.
         Starting Set console scheme...
[[0;32m  OK  [0m] Started Set console scheme.
[[0;32m  OK  [0m] Started Pollinate to seed the pseudo random number generator.
         Starting OpenBSD Secure Shell server...
[[0;32m  OK  [0m] Started OpenBSD Secure Shell server.
[[0;32m  OK  [0m] Created slice User Slice of vagrant.
         Starting User Manager for UID 1000...
[[0;32m  OK  [0m] Started User Manager for UID 1000.
[[0;32m  OK  [0m] Started Session 1 of user vagrant.
         Stopping User Manager for UID 1000...
[[0;32m  OK  [0m] Started Wait until snapd is fully seeded.
[[0;32m  OK  [0m] Reached target Multi-User System.
[[0;32m  OK  [0m] Reached target Graphical Interface.
         Starting Update UTMP about System Runlevel Changes...
         Starting Apply the settings specified in cloud-config...
[[0;32m  OK  [0m] Created slice User Slice of vagrant.
[[0;32m  OK  [0m] Started Session 2 of user vagrant.
         Starting User Manager for UID 1000...
[[0;32m  OK  [0m] Started Update UTMP about System Runlevel Changes.
[[0;32m  OK  [0m] Started User Manager for UID 1000.
[   21.648844] cloud-init[1523]: Generating locales (this might take a while)...
         Starting Hostname Service...
[[0;32m  OK  [0m] Started Hostname Service.
[   22.443914] cloud-init[1523]:   en_US.UTF-8... done
[   22.464525] cloud-init[1523]: Generation complete.
[   22.751054] cloud-init[1523]: Cloud-init v. 19.4-33-gbb4131a2-0ubuntu1~16.04.1 running 'modules:config' at Wed, 08 Apr 2020 16:05:46 +0000. Up 21.53 seconds.
[[0;32m  OK  [0m] Started Apply the settings specified in cloud-config.
         Starting Execute cloud user/final scripts...
ci-info: no authorized SSH keys fingerprints found for user ubuntu.
<14>Apr  8 16:05:48 ec2: 
<14>Apr  8 16:05:48 ec2: #############################################################
<14>Apr  8 16:05:48 ec2: -----BEGIN SSH HOST KEY FINGERPRINTS-----
<14>Apr  8 16:05:48 ec2: 1024 SHA256:aYto76lXZNnNAHPANtmRVbwkjgxm8WvdNaU7Rz4J62I root@ubuntu-xenial (DSA)
<14>Apr  8 16:05:48 ec2: 256 SHA256:StbLsr3PofA53gMFjKUx/vaAQGNvFkYBhhwt5KVJZkQ root@ubuntu-xenial (ECDSA)
<14>Apr  8 16:05:48 ec2: 256 SHA256:uBSlv0hLa+tg8+aI83lEfTL4UZG1TrFCWzpvPB+buFY root@ubuntu-xenial (ED25519)
<14>Apr  8 16:05:48 ec2: 2048 SHA256:dphqFUE4zTVdFggaLUzQcrnoNk2VUZ5Ak/q1TQdLH2Y root@ubuntu-xenial (RSA)
<14>Apr  8 16:05:48 ec2: -----END SSH HOST KEY FINGERPRINTS-----
<14>Apr  8 16:05:48 ec2: #############################################################
-----BEGIN SSH HOST KEY KEYS-----
ecdsa-sha2-nistp256 AAAAE2VjZHNhLXNoYTItbmlzdHAyNTYAAAAIbmlzdHAyNTYAAABBBGsCTAOWL3wSexlUEnC+mXnNzFSQd6Z9UnWtqZsyawarudX4gMjh4yKryqVqIIj0v3uon4aOE6A//WNQmcMrKJg= root@ubuntu-xenial
ssh-ed25519 AAAAC3NzaC1lZDI1NTE5AAAAIHHGP1b7Ke1wSX44kOtv0WytojhgYDSfiXjunaVk3WC1 root@ubuntu-xenial
ssh-rsa AAAAB3NzaC1yc2EAAAADAQABAAABAQD7XQ7fVD8Wn+zuTowPRY+rO0hz+E+bVZawhIXLVQnR5LXyGdlv1VyAUZwOuHUzouqWytUgQ/XJwuKFZ+czL/R8uXvhK2iZBAnsq1BfOaxXzafKbJnvm4faXoqrVebpPhMPP/LDXBX17+OeE325pW6zPMcmfCeasULMP8XvRrtiI2HxBOfX8x8vjO+VOtYNpRMfqRndfTuKiAl6naPLarJ3kpJmAALnS8zeQNUxeXECSAvUQ71oMi2P+m5aXFyebACtsBQafms+MNphjROqzv9EEF1PaA4oqnBLq+UxQOhzP8TZl/ItYO85PoOEayla6+oxAIK14YGZ8RAI+HbQqGZZ root@ubuntu-xenial
-----END SSH HOST KEY KEYS-----
[   23.373676] cloud-init[1817]: Cloud-init v. 19.4-33-gbb4131a2-0ubuntu1~16.04.1 running 'modules:final' at Wed, 08 Apr 2020 16:05:48 +0000. Up 23.17 seconds.
[   23.376540] cloud-init[1817]: ci-info: no authorized SSH keys fingerprints found for user ubuntu.
[   23.378556] cloud-init[1817]: Cloud-init v. 19.4-33-gbb4131a2-0ubuntu1~16.04.1 finished at Wed, 08 Apr 2020 16:05:48 +0000. Datasource DataSourceNoCloud [seed=/dev/sdb][dsmode=net].  Up 23.36 seconds
[[0;32m  OK  [0m] Started Execute cloud user/final scripts.
[[0;32m  OK  [0m] Reached target Cloud-init target.

Ubuntu 16.04.6 LTS web-go ttyS0

web-go login: 